// Jest Snapshot v1, https://goo.gl/fbAQLP

exports[`Tracked Cities Panel +++capturing Snapshot of TrackedCitiesPanel 1`] = `
<Provider
  store={
    Object {
      "dispatch": [Function],
      "getState": [Function],
      "replaceReducer": [Function],
      "subscribe": [Function],
      Symbol(observable): [Function],
    }
  }
>
  <Connect(TrackedCitiesPanel)>
    <TrackedCitiesPanel
      addFavoriteCity={[Function]}
      failureAddCity={[Function]}
      trackedCities={
        Array [
          "Syktyvkar",
          "Moscow",
          "Kiev",
        ]
      }
    >
      <div
        className="tracked_city"
      >
        <div
          className="tracked_city_panel"
        >
          <div
            className="panel_text"
          >
            Избранное
          </div>
          <form
            className="add_form"
            onSubmit={[Function]}
          >
            <input
              className="add_field"
              onChange={[Function]}
              placeholder="Добавить новый город"
              type="text"
              value=""
            />
            <input
              className="add_button"
              type="submit"
              value="+"
            />
          </form>
        </div>
        <div
          className="tracked_city_list"
        >
          <Connect(TrackedCity)
            city="Syktyvkar"
            key="Syktyvkar"
          >
            <TrackedCity
              city="Syktyvkar"
              deleteCity={[Function]}
              failureAddCity={[Function]}
              successAddCity={[Function]}
              trackedCities={
                Array [
                  "Syktyvkar",
                  "Moscow",
                  "Kiev",
                ]
              }
            >
              <div
                className="weather_frame"
              >
                <CityProps
                  city="Syktyvkar"
                  isCurrentCity={false}
                >
                  <div>
                    <div
                      className="weather_now"
                    >
                      <div
                        className="city_name"
                      >
                        Syktyvkar
                      </div>
                      <Connect(RemoveCityButton)
                        city="Syktyvkar"
                      >
                        <RemoveCityButton
                          city="Syktyvkar"
                          deleteCity={[Function]}
                        >
                          <button
                            className="remove_city_button"
                            onClick={[Function]}
                          >
                            X
                          </button>
                        </RemoveCityButton>
                      </Connect(RemoveCityButton)>
                    </div>
                  </div>
                </CityProps>
                <Loader>
                  <div
                    className="image_container_overlay"
                  >
                    <p
                      className="label"
                    >
                      Подождите, данные загружаются
                    </p>
                    <CircularSpinner>
                      <div
                        className="loader"
                      >
                        <svg
                          className="circular"
                          viewBox="25 25 50 50"
                        >
                          <circle
                            className="path"
                            cx="50"
                            cy="50"
                            fill="none"
                            r="20"
                            strokeMiterlimit="10"
                            strokeWidth="2"
                          />
                        </svg>
                      </div>
                    </CircularSpinner>
                  </div>
                </Loader>
              </div>
            </TrackedCity>
          </Connect(TrackedCity)>
          <Connect(TrackedCity)
            city="Moscow"
            key="Moscow"
          >
            <TrackedCity
              city="Moscow"
              deleteCity={[Function]}
              failureAddCity={[Function]}
              successAddCity={[Function]}
              trackedCities={
                Array [
                  "Syktyvkar",
                  "Moscow",
                  "Kiev",
                ]
              }
            >
              <div
                className="weather_frame"
              >
                <CityProps
                  city="Moscow"
                  isCurrentCity={false}
                >
                  <div>
                    <div
                      className="weather_now"
                    >
                      <div
                        className="city_name"
                      >
                        Moscow
                      </div>
                      <Connect(RemoveCityButton)
                        city="Moscow"
                      >
                        <RemoveCityButton
                          city="Moscow"
                          deleteCity={[Function]}
                        >
                          <button
                            className="remove_city_button"
                            onClick={[Function]}
                          >
                            X
                          </button>
                        </RemoveCityButton>
                      </Connect(RemoveCityButton)>
                    </div>
                  </div>
                </CityProps>
                <Loader>
                  <div
                    className="image_container_overlay"
                  >
                    <p
                      className="label"
                    >
                      Подождите, данные загружаются
                    </p>
                    <CircularSpinner>
                      <div
                        className="loader"
                      >
                        <svg
                          className="circular"
                          viewBox="25 25 50 50"
                        >
                          <circle
                            className="path"
                            cx="50"
                            cy="50"
                            fill="none"
                            r="20"
                            strokeMiterlimit="10"
                            strokeWidth="2"
                          />
                        </svg>
                      </div>
                    </CircularSpinner>
                  </div>
                </Loader>
              </div>
            </TrackedCity>
          </Connect(TrackedCity)>
          <Connect(TrackedCity)
            city="Kiev"
            key="Kiev"
          >
            <TrackedCity
              city="Kiev"
              deleteCity={[Function]}
              failureAddCity={[Function]}
              successAddCity={[Function]}
              trackedCities={
                Array [
                  "Syktyvkar",
                  "Moscow",
                  "Kiev",
                ]
              }
            >
              <div
                className="weather_frame"
              >
                <CityProps
                  city="Kiev"
                  isCurrentCity={false}
                >
                  <div>
                    <div
                      className="weather_now"
                    >
                      <div
                        className="city_name"
                      >
                        Kiev
                      </div>
                      <Connect(RemoveCityButton)
                        city="Kiev"
                      >
                        <RemoveCityButton
                          city="Kiev"
                          deleteCity={[Function]}
                        >
                          <button
                            className="remove_city_button"
                            onClick={[Function]}
                          >
                            X
                          </button>
                        </RemoveCityButton>
                      </Connect(RemoveCityButton)>
                    </div>
                  </div>
                </CityProps>
                <Loader>
                  <div
                    className="image_container_overlay"
                  >
                    <p
                      className="label"
                    >
                      Подождите, данные загружаются
                    </p>
                    <CircularSpinner>
                      <div
                        className="loader"
                      >
                        <svg
                          className="circular"
                          viewBox="25 25 50 50"
                        >
                          <circle
                            className="path"
                            cx="50"
                            cy="50"
                            fill="none"
                            r="20"
                            strokeMiterlimit="10"
                            strokeWidth="2"
                          />
                        </svg>
                      </div>
                    </CircularSpinner>
                  </div>
                </Loader>
              </div>
            </TrackedCity>
          </Connect(TrackedCity)>
        </div>
      </div>
    </TrackedCitiesPanel>
  </Connect(TrackedCitiesPanel)>
</Provider>
`;
