// Jest Snapshot v1, https://goo.gl/fbAQLP

exports[`Tracked City +++capturing Snapshot of TrackedCity 1`] = `
<ContextProvider
  value={null}
>
  <TrackedCity
    city="Syktyvkar"
    deleteCity={[Function]}
    failureAddCity={[Function]}
    store={
      Object {
        "dispatch": [Function],
        "getState": [Function],
        "replaceReducer": [Function],
        "subscribe": [Function],
        Symbol(observable): [Function],
      }
    }
    successAddCity={[Function]}
    trackedCities={
      Array [
        "Syktyvkar",
        "Moscow",
        "Kiev",
      ]
    }
  />
</ContextProvider>
`;
