// Jest Snapshot v1, https://goo.gl/fbAQLP

exports[`Tracked Cities Panel +++capturing Snapshot of TrackedCitiesPanel 1`] = `
<ContextProvider
  value={null}
>
  <TrackedCitiesPanel
    addFavoriteCity={[Function]}
    failureAddCity={[Function]}
    store={
      Object {
        "dispatch": [Function],
        "getState": [Function],
        "replaceReducer": [Function],
        "subscribe": [Function],
        Symbol(observable): [Function],
      }
    }
    trackedCities={
      Array [
        "Syktyvkar",
        "Moscow",
        "Kiev",
      ]
    }
  />
</ContextProvider>
`;
